<html>
<body>
<pre>
<h1>礦ision Build Log</h1>
<h2>Tool Versions:</h2>
IDE-Version: μVision V5.27.1.0
Copyright (C) 2019 ARM Ltd and ARM Germany GmbH. All rights reserved.
License Information: C Z, ZXY, LIC=47GU5-G071R-SBDEJ-U4S8L-G89HE-MXFH2
 
Tool Versions:
Toolchain:       MDK-ARM Plus  Version: 5.21a
Toolchain Path:  D:\Keil Program\ARM\ARMCC\Bin
C Compiler:      Armcc.exe V5.06 update 3 (build 300)
Assembler:       Armasm.exe V5.06 update 3 (build 300)
Linker/Locator:  ArmLink.exe V5.06 update 3 (build 300)
Library Manager: ArmAr.exe V5.06 update 3 (build 300)
Hex Converter:   FromElf.exe V5.06 update 3 (build 300)
CPU DLL:         SARMCM3.DLL V5.21a
Dialog DLL:      DCM.DLL V1.13.8.0
Target DLL:      STLink\ST-LINKIII-KEIL_SWO.dll V2.0.18.0
Dialog DLL:      TCM.DLL V1.14.14.0
 
<h2>Project:</h2>
D:\Keil Project\源代码优化版\project\project.uvprojx
Project File Date:  04/29/2023

<h2>Output:</h2>
*** Using Compiler 'V5.06 update 3 (build 300)', folder: 'D:\Keil Program\ARM\ARMCC\Bin'
Rebuild target 'project'
compiling main.c...
compiling timer.c...
compiling st188.c...
..\user\st188.c(119): warning:  #174-D: expression has no effect
  			speed_straightaway-30;   //直???俣然?????
..\user\st188.c: 1 warning, 0 errors
compiling usart.c...
compiling stepmotor.c...
compiling stm32f10x_it.c...
compiling mpu6050.c...
compiling filter.c...
compiling iic.c...
..\user\iic.c(56): warning:  #550-D: variable "errorflag" was set but never used
    u8 errorflag = 1,j,i = 1;
..\user\iic.c: 1 warning, 0 errors
compiling calculate.c...
compiling stm32f10x_rcc.c...
assembling startup_stm32f10x_hd.s...
compiling core_cm3.c...
compiling stm32f10x_usart.c...
compiling stm32f10x_gpio.c...
compiling misc.c...
compiling stm32f10x_i2c.c...
compiling system_stm32f10x.c...
compiling stm32f10x_spi.c...
compiling stm32f10x_tim.c...
linking...
Program Size: Code=25248 RO-data=672 RW-data=264 ZI-data=1816  
FromELF: creating hex file...
".\obj\project.axf" - 0 Error(s), 2 Warning(s).

<h2>Software Packages used:</h2>

Package Vendor: ARM
                http://www.keil.com/pack/ARM.CMSIS.4.5.0.pack
                ARM.CMSIS.4.5.0
                CMSIS (Cortex Microcontroller Software Interface Standard)
   * Component: CORE Version: 4.3.0

Package Vendor: Keil
                http://www.keil.com/pack/Keil.STM32F1xx_DFP.2.2.0.pack
                Keil.STM32F1xx_DFP.2.2.0
                STMicroelectronics STM32F1 Series Device Support, Drivers and Examples

<h2>Collection of Component include folders:</h2>
  .\RTE\_project
  D:\Keil Program\ARM\PACK\ARM\CMSIS\4.5.0\CMSIS\Include
  D:\Keil Program\ARM\PACK\Keil\STM32F1xx_DFP\2.2.0\Device\Include

<h2>Collection of Component Files used:</h2>

   * Component: ARM::CMSIS:CORE:4.3.0
Build Time Elapsed:  00:00:02
</pre>
</body>
</html>
